Archive member included to satisfy reference by file (symbol)

d:/en.st-stm32cubeide_1.3.0_5720_20200220_1053_x86_64.exe/stm32cubeide_1.3.0/stm32cubeide/plugins/com.st.stm32cube.ide.mcu.externaltools.gnu-tools-for-stm32.7-2018-q2-update.win32_1.0.0.201904181610/tools/bin/../lib/gcc/arm-none-eabi/7.3.1/../../../../arm-none-eabi/lib/thumb/v7e-m/fpv4-sp/hard\libc_nano.a(lib_a-errno.o)
                              Core/Src/syscalls.o (__errno)
d:/en.st-stm32cubeide_1.3.0_5720_20200220_1053_x86_64.exe/stm32cubeide_1.3.0/stm32cubeide/plugins/com.st.stm32cube.ide.mcu.externaltools.gnu-tools-for-stm32.7-2018-q2-update.win32_1.0.0.201904181610/tools/bin/../lib/gcc/arm-none-eabi/7.3.1/../../../../arm-none-eabi/lib/thumb/v7e-m/fpv4-sp/hard\libc_nano.a(lib_a-exit.o)
                              d:/en.st-stm32cubeide_1.3.0_5720_20200220_1053_x86_64.exe/stm32cubeide_1.3.0/stm32cubeide/plugins/com.st.stm32cube.ide.mcu.externaltools.gnu-tools-for-stm32.7-2018-q2-update.win32_1.0.0.201904181610/tools/bin/../lib/gcc/arm-none-eabi/7.3.1/../../../../arm-none-eabi/lib/thumb/v7e-m/fpv4-sp/hard/crt0.o (exit)
d:/en.st-stm32cubeide_1.3.0_5720_20200220_1053_x86_64.exe/stm32cubeide_1.3.0/stm32cubeide/plugins/com.st.stm32cube.ide.mcu.externaltools.gnu-tools-for-stm32.7-2018-q2-update.win32_1.0.0.201904181610/tools/bin/../lib/gcc/arm-none-eabi/7.3.1/../../../../arm-none-eabi/lib/thumb/v7e-m/fpv4-sp/hard\libc_nano.a(lib_a-impure.o)
                              d:/en.st-stm32cubeide_1.3.0_5720_20200220_1053_x86_64.exe/stm32cubeide_1.3.0/stm32cubeide/plugins/com.st.stm32cube.ide.mcu.externaltools.gnu-tools-for-stm32.7-2018-q2-update.win32_1.0.0.201904181610/tools/bin/../lib/gcc/arm-none-eabi/7.3.1/../../../../arm-none-eabi/lib/thumb/v7e-m/fpv4-sp/hard\libc_nano.a(lib_a-exit.o) (_global_impure_ptr)
d:/en.st-stm32cubeide_1.3.0_5720_20200220_1053_x86_64.exe/stm32cubeide_1.3.0/stm32cubeide/plugins/com.st.stm32cube.ide.mcu.externaltools.gnu-tools-for-stm32.7-2018-q2-update.win32_1.0.0.201904181610/tools/bin/../lib/gcc/arm-none-eabi/7.3.1/../../../../arm-none-eabi/lib/thumb/v7e-m/fpv4-sp/hard\libc_nano.a(lib_a-init.o)
                              d:/en.st-stm32cubeide_1.3.0_5720_20200220_1053_x86_64.exe/stm32cubeide_1.3.0/stm32cubeide/plugins/com.st.stm32cube.ide.mcu.externaltools.gnu-tools-for-stm32.7-2018-q2-update.win32_1.0.0.201904181610/tools/bin/../lib/gcc/arm-none-eabi/7.3.1/../../../../arm-none-eabi/lib/thumb/v7e-m/fpv4-sp/hard/crt0.o (__libc_init_array)
d:/en.st-stm32cubeide_1.3.0_5720_20200220_1053_x86_64.exe/stm32cubeide_1.3.0/stm32cubeide/plugins/com.st.stm32cube.ide.mcu.externaltools.gnu-tools-for-stm32.7-2018-q2-update.win32_1.0.0.201904181610/tools/bin/../lib/gcc/arm-none-eabi/7.3.1/../../../../arm-none-eabi/lib/thumb/v7e-m/fpv4-sp/hard\libc_nano.a(lib_a-memcpy-stub.o)
                              Middlewares/Third_Party/FreeRTOS/Source/CMSIS_RTOS_V2/cmsis_os2.o (memcpy)
d:/en.st-stm32cubeide_1.3.0_5720_20200220_1053_x86_64.exe/stm32cubeide_1.3.0/stm32cubeide/plugins/com.st.stm32cube.ide.mcu.externaltools.gnu-tools-for-stm32.7-2018-q2-update.win32_1.0.0.201904181610/tools/bin/../lib/gcc/arm-none-eabi/7.3.1/../../../../arm-none-eabi/lib/thumb/v7e-m/fpv4-sp/hard\libc_nano.a(lib_a-memset.o)
                              d:/en.st-stm32cubeide_1.3.0_5720_20200220_1053_x86_64.exe/stm32cubeide_1.3.0/stm32cubeide/plugins/com.st.stm32cube.ide.mcu.externaltools.gnu-tools-for-stm32.7-2018-q2-update.win32_1.0.0.201904181610/tools/bin/../lib/gcc/arm-none-eabi/7.3.1/../../../../arm-none-eabi/lib/thumb/v7e-m/fpv4-sp/hard/crt0.o (memset)
d:/en.st-stm32cubeide_1.3.0_5720_20200220_1053_x86_64.exe/stm32cubeide_1.3.0/stm32cubeide/plugins/com.st.stm32cube.ide.mcu.externaltools.gnu-tools-for-stm32.7-2018-q2-update.win32_1.0.0.201904181610/tools/bin/../lib/gcc/arm-none-eabi/7.3.1/thumb/v7e-m/fpv4-sp/hard\libgcc.a(_aeabi_uldivmod.o)
                              Drivers/STM32F4xx_HAL_Driver/Src/stm32f4xx_hal_rcc.o (__aeabi_uldivmod)
d:/en.st-stm32cubeide_1.3.0_5720_20200220_1053_x86_64.exe/stm32cubeide_1.3.0/stm32cubeide/plugins/com.st.stm32cube.ide.mcu.externaltools.gnu-tools-for-stm32.7-2018-q2-update.win32_1.0.0.201904181610/tools/bin/../lib/gcc/arm-none-eabi/7.3.1/thumb/v7e-m/fpv4-sp/hard\libgcc.a(_udivmoddi4.o)
                              d:/en.st-stm32cubeide_1.3.0_5720_20200220_1053_x86_64.exe/stm32cubeide_1.3.0/stm32cubeide/plugins/com.st.stm32cube.ide.mcu.externaltools.gnu-tools-for-stm32.7-2018-q2-update.win32_1.0.0.201904181610/tools/bin/../lib/gcc/arm-none-eabi/7.3.1/thumb/v7e-m/fpv4-sp/hard\libgcc.a(_aeabi_uldivmod.o) (__udivmoddi4)
d:/en.st-stm32cubeide_1.3.0_5720_20200220_1053_x86_64.exe/stm32cubeide_1.3.0/stm32cubeide/plugins/com.st.stm32cube.ide.mcu.externaltools.gnu-tools-for-stm32.7-2018-q2-update.win32_1.0.0.201904181610/tools/bin/../lib/gcc/arm-none-eabi/7.3.1/thumb/v7e-m/fpv4-sp/hard\libgcc.a(_dvmd_tls.o)
[...]
Memory Configuration

Name             Origin             Length             Attributes
CCMRAM           0x0000000010000000 0x0000000000010000 xrw
RAM              0x0000000020000000 0x0000000000030000 xrw
FLASH            0x0000000008000000 0x0000000000200000 xr
*default*        0x0000000000000000 0xffffffffffffffff

Linker script and memory map

LOAD d:/en.st-stm32cubeide_1.3.0_5720_20200220_1053_x86_64.exe/stm32cubeide_1.3.0/stm32cubeide/plugins/com.st.stm32cube.ide.mcu.externaltools.gnu-tools-for-stm32.7-2018-q2-update.win32_1.0.0.201904181610/tools/bin/../lib/gcc/arm-none-eabi/7.3.1/thumb/v7e-m/fpv4-sp/hard/crti.o
LOAD d:/en.st-stm32cubeide_1.3.0_5720_20200220_1053_x86_64.exe/stm32cubeide_1.3.0/stm32cubeide/plugins/com.st.stm32cube.ide.mcu.externaltools.gnu-tools-for-stm32.7-2018-q2-update.win32_1.0.0.201904181610/tools/bin/../lib/gcc/arm-none-eabi/7.3.1/thumb/v7e-m/fpv4-sp/hard/crtbegin.o
LOAD d:/en.st-stm32cubeide_1.3.0_5720_20200220_1053_x86_64.exe/stm32cubeide_1.3.0/stm32cubeide/plugins/com.st.stm32cube.ide.mcu.externaltools.gnu-tools-for-stm32.7-2018-q2-update.win32_1.0.0.201904181610/tools/bin/../lib/gcc/arm-none-eabi/7.3.1/../../../../arm-none-eabi/lib/thumb/v7e-m/fpv4-sp/hard/crt0.o
LOAD Core/Src/freertos.o
LOAD Core/Src/main.o
LOAD Core/Src/stm32f4xx_hal_msp.o
LOAD Core/Src/stm32f4xx_it.o
LOAD Core/Src/syscalls.o
LOAD Core/Src/sysmem.o
LOAD Core/Src/system_stm32f4xx.o
LOAD Core/Startup/startup_stm32f429zitx.o
LOAD Drivers/STM32F4xx_HAL_Driver/Src/stm32f4xx_hal.o
LOAD Drivers/STM32F4xx_HAL_Driver/Src/stm32f4xx_hal_cortex.o
LOAD Drivers/STM32F4xx_HAL_Driver/Src/stm32f4xx_hal_dma.o
LOAD Drivers/STM32F4xx_HAL_Driver/Src/stm32f4xx_hal_dma_ex.o
LOAD Drivers/STM32F4xx_HAL_Driver/Src/stm32f4xx_hal_exti.o
LOAD Drivers/STM32F4xx_HAL_Driver/Src/stm32f4xx_hal_flash.o
LOAD Drivers/STM32F4xx_HAL_Driver/Src/stm32f4xx_hal_flash_ex.o
LOAD Drivers/STM32F4xx_HAL_Driver/Src/stm32f4xx_hal_flash_ramfunc.o
LOAD Drivers/STM32F4xx_HAL_Driver/Src/stm32f4xx_hal_gpio.o
LOAD Drivers/STM32F4xx_HAL_Driver/Src/stm32f4xx_hal_pwr.o
LOAD Drivers/STM32F4xx_HAL_Driver/Src/stm32f4xx_hal_pwr_ex.o
LOAD Drivers/STM32F4xx_HAL_Driver/Src/stm32f4xx_hal_rcc.o
LOAD Drivers/STM32F4xx_HAL_Driver/Src/stm32f4xx_hal_rcc_ex.o
LOAD Drivers/STM32F4xx_HAL_Driver/Src/stm32f4xx_hal_tim.o
LOAD Drivers/STM32F4xx_HAL_Driver/Src/stm32f4xx_hal_tim_ex.o
LOAD Middlewares/Third_Party/FreeRTOS/Source/CMSIS_RTOS_V2/cmsis_os2.o
LOAD Middlewares/Third_Party/FreeRTOS/Source/croutine.o
LOAD Middlewares/Third_Party/FreeRTOS/Source/event_groups.o
LOAD Middlewares/Third_Party/FreeRTOS/Source/list.o
LOAD Middlewares/Third_Party/FreeRTOS/Source/queue.o
LOAD Middlewares/Third_Party/FreeRTOS/Source/stream_buffer.o
LOAD Middlewares/Third_Party/FreeRTOS/Source/tasks.o
LOAD Middlewares/Third_Party/FreeRTOS/Source/timers.o
LOAD Middlewares/Third_Party/FreeRTOS/Source/portable/GCC/ARM_CM4F/port.o
LOAD Middlewares/Third_Party/FreeRTOS/Source/portable/MemMang/heap_4.o
START GROUP
LOAD d:/en.st-stm32cubeide_1.3.0_5720_20200220_1053_x86_64.exe/stm32cubeide_1.3.0/stm32cubeide/plugins/com.st.stm32cube.ide.mcu.externaltools.gnu-tools-for-stm32.7-2018-q2-update.win32_1.0.0.201904181610/tools/bin/../lib/gcc/arm-none-eabi/7.3.1/../../../../arm-none-eabi/lib/thumb/v7e-m/fpv4-sp/hard\libc_nano.a
LOAD d:/en.st-stm32cubeide_1.3.0_5720_20200220_1053_x86_64.exe/stm32cubeide_1.3.0/stm32cubeide/plugins/com.st.stm32cube.ide.mcu.externaltools.gnu-tools-for-stm32.7-2018-q2-update.win32_1.0.0.201904181610/tools/bin/../lib/gcc/arm-none-eabi/7.3.1/../../../../arm-none-eabi/lib/thumb/v7e-m/fpv4-sp/hard\libm.a
END GROUP
START GROUP
LOAD d:/en.st-stm32cubeide_1.3.0_5720_20200220_1053_x86_64.exe/stm32cubeide_1.3.0/stm32cubeide/plugins/com.st.stm32cube.ide.mcu.externaltools.gnu-tools-for-stm32.7-2018-q2-update.win32_1.0.0.201904181610/tools/bin/../lib/gcc/arm-none-eabi/7.3.1/thumb/v7e-m/fpv4-sp/hard\libgcc.a
LOAD d:/en.st-stm32cubeide_1.3.0_5720_20200220_1053_x86_64.exe/stm32cubeide_1.3.0/stm32cubeide/plugins/com.st.stm32cube.ide.mcu.externaltools.gnu-tools-for-stm32.7-2018-q2-update.win32_1.0.0.201904181610/tools/bin/../lib/gcc/arm-none-eabi/7.3.1/../../../../arm-none-eabi/lib/thumb/v7e-m/fpv4-sp/hard\libc_nano.a
END GROUP
START GROUP
LOAD d:/en.st-stm32cubeide_1.3.0_5720_20200220_1053_x86_64.exe/stm32cubeide_1.3.0/stm32cubeide/plugins/com.st.stm32cube.ide.mcu.externaltools.gnu-tools-for-stm32.7-2018-q2-update.win32_1.0.0.201904181610/tools/bin/../lib/gcc/arm-none-eabi/7.3.1/thumb/v7e-m/fpv4-sp/hard\libgcc.a
LOAD d:/en.st-stm32cubeide_1.3.0_5720_20200220_1053_x86_64.exe/stm32cubeide_1.3.0/stm32cubeide/plugins/com.st.stm32cube.ide.mcu.externaltools.gnu-tools-for-stm32.7-2018-q2-update.win32_1.0.0.201904181610/tools/bin/../lib/gcc/arm-none-eabi/7.3.1/../../../../arm-none-eabi/lib/thumb/v7e-m/fpv4-sp/hard\libc_nano.a
LOAD d:/en.st-stm32cubeide_1.3.0_5720_20200220_1053_x86_64.exe/stm32cubeide_1.3.0/stm32cubeide/plugins/com.st.stm32cube.ide.mcu.externaltools.gnu-tools-for-stm32.7-2018-q2-update.win32_1.0.0.201904181610/tools/bin/../lib/gcc/arm-none-eabi/7.3.1/../../../../arm-none-eabi/lib/thumb/v7e-m/fpv4-sp/hard\libnosys.a
END GROUP
START GROUP
LOAD d:/en.st-stm32cubeide_1.3.0_5720_20200220_1053_x86_64.exe/stm32cubeide_1.3.0/stm32cubeide/plugins/com.st.stm32cube.ide.mcu.externaltools.gnu-tools-for-stm32.7-2018-q2-update.win32_1.0.0.201904181610/tools/bin/../lib/gcc/arm-none-eabi/7.3.1/thumb/v7e-m/fpv4-sp/hard\libgcc.a
LOAD d:/en.st-stm32cubeide_1.3.0_5720_20200220_1053_x86_64.exe/stm32cubeide_1.3.0/stm32cubeide/plugins/com.st.stm32cube.ide.mcu.externaltools.gnu-tools-for-stm32.7-2018-q2-update.win32_1.0.0.201904181610/tools/bin/../lib/gcc/arm-none-eabi/7.3.1/../../../../arm-none-eabi/lib/thumb/v7e-m/fpv4-sp/hard\libc_nano.a
LOAD d:/en.st-stm32cubeide_1.3.0_5720_20200220_1053_x86_64.exe/stm32cubeide_1.3.0/stm32cubeide/plugins/com.st.stm32cube.ide.mcu.externaltools.gnu-tools-for-stm32.7-2018-q2-update.win32_1.0.0.201904181610/tools/bin/../lib/gcc/arm-none-eabi/7.3.1/../../../../arm-none-eabi/lib/thumb/v7e-m/fpv4-sp/hard\libnosys.a
END GROUP
LOAD d:/en.st-stm32cubeide_1.3.0_5720_20200220_1053_x86_64.exe/stm32cubeide_1.3.0/stm32cubeide/plugins/com.st.stm32cube.ide.mcu.externaltools.gnu-tools-for-stm32.7-2018-q2-update.win32_1.0.0.201904181610/tools/bin/../lib/gcc/arm-none-eabi/7.3.1/thumb/v7e-m/fpv4-sp/hard/crtend.o
LOAD d:/en.st-stm32cubeide_1.3.0_5720_20200220_1053_x86_64.exe/stm32cubeide_1.3.0/stm32cubeide/plugins/com.st.stm32cube.ide.mcu.externaltools.gnu-tools-for-stm32.7-2018-q2-update.win32_1.0.0.201904181610/tools/bin/../lib/gcc/arm-none-eabi/7.3.1/thumb/v7e-m/fpv4-sp/hard/crtn.o
                0x0000000020030000                _estack = (ORIGIN (RAM) + LENGTH (RAM))
                0x0000000000000200                _Min_Heap_Size = 0x200
                0x0000000000000400                _Min_Stack_Size = 0x400

.isr_vector     0x0000000008000000      0x1ac
                0x0000000008000000                . = ALIGN (0x4)
 *(.isr_vector)
 .isr_vector    0x0000000008000000      0x1ac Core/Startup/startup_stm32f429zitx.o
                0x0000000008000000                g_pfnVectors
                0x00000000080001ac                . = ALIGN (0x4)

.text           0x00000000080001b0     0x3fd4
                0x00000000080001b0                . = ALIGN (0x4)
 *(.text)
 .text          0x00000000080001b0       0x40 d:/en.st-stm32cubeide_1.3.0_5720_20200220_1053_x86_64.exe/stm32cubeide_1.3.0/stm32cubeide/plugins/com.st.stm32cube.ide.mcu.externaltools.gnu-tools-for-stm32.7-2018-q2-update.win32_1.0.0.201904181610/tools/bin/../lib/gcc/arm-none-eabi/7.3.1/thumb/v7e-m/fpv4-sp/hard/crtbegin.o
 .text          0x00000000080001f0       0x30 d:/en.st-stm32cubeide_1.3.0_5720_20200220_1053_x86_64.exe/stm32cubeide_1.3.0/stm32cubeide/plugins/com.st.stm32cube.ide.mcu.externaltools.gnu-tools-for-stm32.7-2018-q2-update.win32_1.0.0.201904181610/tools/bin/../lib/gcc/arm-none-eabi/7.3.1/thumb/v7e-m/fpv4-sp/hard\libgcc.a(_aeabi_uldivmod.o)
                0x00000000080001f0                __aeabi_uldivmod
 .text          0x0000000008000220      0x2cc d:/en.st-stm32cubeide_1.3.0_5720_20200220_1053_x86_64.exe/stm32cubeide_1.3.0/stm32cubeide/plugins/com.st.stm32cube.ide.mcu.externaltools.gnu-tools-for-stm32.7-2018-q2-update.win32_1.0.0.201904181610/tools/bin/../lib/gcc/arm-none-eabi/7.3.1/thumb/v7e-m/fpv4-sp/hard\libgcc.a(_udivmoddi4.o)
                0x0000000008000220                __udivmoddi4
 .text          0x00000000080004ec        0x4 d:/en.st-stm32cubeide_1.3.0_5720_20200220_1053_x86_64.exe/stm32cubeide_1.3.0/stm32cubeide/plugins/com.st.stm32cube.ide.mcu.externaltools.gnu-tools-for-stm32.7-2018-q2-update.win32_1.0.0.201904181610/tools/bin/../lib/gcc/arm-none-eabi/7.3.1/thumb/v7e-m/fpv4-sp/hard\libgcc.a(_dvmd_tls.o)
                0x00000000080004ec                __aeabi_idiv0
                0x00000000080004ec                __aeabi_ldiv0
 *(.text*)
 .text.main     0x00000000080004f0       0x54 Core/Src/main.o
                0x00000000080004f0                main
 .text.SystemClock_Config
                0x0000000008000544       0xc0 Core/Src/main.o
                0x0000000008000544                SystemClock_Config
 .text.MX_GPIO_Init
                0x0000000008000604       0x68 Core/Src/main.o
 .text.StartDefaultTask
                0x000000000800066c       0x20 Core/Src/main.o
                0x000000000800066c                StartDefaultTask
 .text.StartTask02
                0x000000000800068c       0x30 Core/Src/main.o
                0x000000000800068c                StartTask02
 .text.Error_Handler
                0x00000000080006bc        0xe Core/Src/main.o
                0x00000000080006bc                Error_Handler
 *fill*         0x00000000080006ca        0x2 
 .text.HAL_MspInit
                0x00000000080006cc       0x58 Core/Src/stm32f4xx_hal_msp.o
                0x00000000080006cc                HAL_MspInit
 .text.NMI_Handler
                0x0000000008000724        0xe Core/Src/stm32f4xx_it.o
                0x0000000008000724                NMI_Handler
 .text.HardFault_Handler
                0x0000000008000732        0x6 Core/Src/stm32f4xx_it.o
                0x0000000008000732                HardFault_Handler
 .text.MemManage_Handler
                0x0000000008000738        0x6 Core/Src/stm32f4xx_it.o
                0x0000000008000738                MemManage_Handler
 .text.BusFault_Handler
                0x000000000800073e        0x6 Core/Src/stm32f4xx_it.o
                0x000000000800073e                BusFault_Handler
 .text.UsageFault_Handler
                0x0000000008000744        0x6 Core/Src/stm32f4xx_it.o
                0x0000000008000744                UsageFault_Handler
 .text.DebugMon_Handler
                0x000000000800074a        0xe Core/Src/stm32f4xx_it.o
                0x000000000800074a                DebugMon_Handler
 .text.SysTick_Handler
                0x0000000008000758       0x1a Core/Src/stm32f4xx_it.o
                0x0000000008000758                SysTick_Handler
 *fill*         0x0000000008000772        0x2 
 .text.SystemInit
                0x0000000008000774       0x2c Core/Src/system_stm32f4xx.o
                0x0000000008000774                SystemInit
 .text.Reset_Handler
                0x00000000080007a0       0x50 Core/Startup/startup_stm32f429zitx.o
                0x00000000080007a0                Reset_Handler
 .text.Default_Handler
                0x00000000080007f0        0x2 Core/Startup/startup_stm32f429zitx.o
                0x00000000080007f0                RTC_Alarm_IRQHandler
                0x00000000080007f0                HASH_RNG_IRQHandler
                0x00000000080007f0                EXTI2_IRQHandler
                0x00000000080007f0                TIM8_CC_IRQHandler
                0x00000000080007f0                UART8_IRQHandler
                0x00000000080007f0                SPI4_IRQHandler
                0x00000000080007f0                TIM1_CC_IRQHandler
                0x00000000080007f0                DMA2_Stream5_IRQHandler
                0x00000000080007f0                DMA1_Stream5_IRQHandler
                0x00000000080007f0                PVD_IRQHandler
                0x00000000080007f0                SDIO_IRQHandler
                0x00000000080007f0                TAMP_STAMP_IRQHandler
                0x00000000080007f0                CAN2_RX1_IRQHandler
                0x00000000080007f0                EXTI3_IRQHandler
                0x00000000080007f0                TIM8_TRG_COM_TIM14_IRQHandler
                0x00000000080007f0                TIM1_UP_TIM10_IRQHandler
                0x00000000080007f0                TIM8_UP_TIM13_IRQHandler
                0x00000000080007f0                I2C3_ER_IRQHandler
                0x00000000080007f0                EXTI0_IRQHandler
                0x00000000080007f0                I2C2_EV_IRQHandler
                0x00000000080007f0                DMA1_Stream2_IRQHandler
                0x00000000080007f0                CAN1_RX0_IRQHandler
                0x00000000080007f0                FPU_IRQHandler
                0x00000000080007f0                OTG_HS_WKUP_IRQHandler
                0x00000000080007f0                LTDC_ER_IRQHandler
                0x00000000080007f0                CAN2_SCE_IRQHandler
                0x00000000080007f0                DMA2_Stream2_IRQHandler
                0x00000000080007f0                SPI1_IRQHandler
                0x00000000080007f0                TIM6_DAC_IRQHandler
                0x00000000080007f0                TIM1_BRK_TIM9_IRQHandler
                0x00000000080007f0                DCMI_IRQHandler
                0x00000000080007f0                CAN2_RX0_IRQHandler
                0x00000000080007f0                DMA2_Stream3_IRQHandler
                0x00000000080007f0                USART6_IRQHandler
                0x00000000080007f0                USART3_IRQHandler
                0x00000000080007f0                CAN1_RX1_IRQHandler
                0x00000000080007f0                UART5_IRQHandler
                0x00000000080007f0                DMA2_Stream0_IRQHandler
                0x00000000080007f0                TIM4_IRQHandler
                0x00000000080007f0                I2C1_EV_IRQHandler
                0x00000000080007f0                DMA1_Stream6_IRQHandler
                0x00000000080007f0                DMA1_Stream1_IRQHandler
                0x00000000080007f0                UART4_IRQHandler
                0x00000000080007f0                TIM3_IRQHandler
                0x00000000080007f0                RCC_IRQHandler
                0x00000000080007f0                TIM8_BRK_TIM12_IRQHandler
                0x00000000080007f0                Default_Handler
                0x00000000080007f0                EXTI15_10_IRQHandler
                0x00000000080007f0                ADC_IRQHandler
                0x00000000080007f0                DMA1_Stream7_IRQHandler
                0x00000000080007f0                SPI5_IRQHandler
                0x00000000080007f0                TIM7_IRQHandler
                0x00000000080007f0                CAN2_TX_IRQHandler
                0x00000000080007f0                TIM5_IRQHandler
                0x00000000080007f0                DMA2_Stream7_IRQHandler
                0x00000000080007f0                I2C3_EV_IRQHandler
                0x00000000080007f0                EXTI9_5_IRQHandler
                0x00000000080007f0                RTC_WKUP_IRQHandler
                0x00000000080007f0                LTDC_IRQHandler
                0x00000000080007f0                ETH_WKUP_IRQHandler
                0x00000000080007f0                SPI2_IRQHandler
                0x00000000080007f0                OTG_HS_EP1_IN_IRQHandler
                0x00000000080007f0                DMA1_Stream0_IRQHandler
                0x00000000080007f0                CAN1_TX_IRQHandler
                0x00000000080007f0                EXTI4_IRQHandler
                0x00000000080007f0                ETH_IRQHandler
                0x00000000080007f0                OTG_HS_EP1_OUT_IRQHandler
                0x00000000080007f0                WWDG_IRQHandler
                0x00000000080007f0                SPI6_IRQHandler
                0x00000000080007f0                TIM2_IRQHandler
                0x00000000080007f0                OTG_FS_WKUP_IRQHandler
                0x00000000080007f0                TIM1_TRG_COM_TIM11_IRQHandler
                0x00000000080007f0                OTG_HS_IRQHandler
                0x00000000080007f0                DMA2D_IRQHandler
                0x00000000080007f0                EXTI1_IRQHandler
                0x00000000080007f0                UART7_IRQHandler
                0x00000000080007f0                USART2_IRQHandler
                0x00000000080007f0                I2C2_ER_IRQHandler
                0x00000000080007f0                DMA2_Stream1_IRQHandler
                0x00000000080007f0                CAN1_SCE_IRQHandler
                0x00000000080007f0                FLASH_IRQHandler
                0x00000000080007f0                DMA2_Stream4_IRQHandler
                0x00000000080007f0                USART1_IRQHandler
                0x00000000080007f0                OTG_FS_IRQHandler
                0x00000000080007f0                SPI3_IRQHandler
                0x00000000080007f0                DMA1_Stream4_IRQHandler
                0x00000000080007f0                I2C1_ER_IRQHandler
                0x00000000080007f0                FMC_IRQHandler
                0x00000000080007f0                DMA2_Stream6_IRQHandler
                0x00000000080007f0                SAI1_IRQHandler
                0x00000000080007f0                DMA1_Stream3_IRQHandler
 *fill*         0x00000000080007f2        0x2 
 .text.HAL_Init
                0x00000000080007f4       0x44 Drivers/STM32F4xx_HAL_Driver/Src/stm32f4xx_hal.o
                0x00000000080007f4                HAL_Init
 .text.HAL_InitTick
                0x0000000008000838       0x60 Drivers/STM32F4xx_HAL_Driver/Src/stm32f4xx_hal.o
                0x0000000008000838                HAL_InitTick
 .text.HAL_IncTick
                0x0000000008000898       0x28 Drivers/STM32F4xx_HAL_Driver/Src/stm32f4xx_hal.o
                0x0000000008000898                HAL_IncTick
 .text.HAL_GetTick
                0x00000000080008c0       0x18 Drivers/STM32F4xx_HAL_Driver/Src/stm32f4xx_hal.o
                0x00000000080008c0                HAL_GetTick
 .text.__NVIC_SetPriorityGrouping
                0x00000000080008d8       0x48 Drivers/STM32F4xx_HAL_Driver/Src/stm32f4xx_hal_cortex.o
 .text.__NVIC_GetPriorityGrouping
                0x0000000008000920       0x1c Drivers/STM32F4xx_HAL_Driver/Src/stm32f4xx_hal_cortex.o
 .text.__NVIC_SetPriority
                0x000000000800093c       0x54 Drivers/STM32F4xx_HAL_Driver/Src/stm32f4xx_hal_cortex.o
 .text.NVIC_EncodePriority
                0x0000000008000990       0x66 Drivers/STM32F4xx_HAL_Driver/Src/stm32f4xx_hal_cortex.o
 *fill*         0x00000000080009f6        0x2 
 .text.SysTick_Config
                0x00000000080009f8       0x44 Drivers/STM32F4xx_HAL_Driver/Src/stm32f4xx_hal_cortex.o
 .text.HAL_NVIC_SetPriorityGrouping
                0x0000000008000a3c       0x16 Drivers/STM32F4xx_HAL_Driver/Src/stm32f4xx_hal_cortex.o
                0x0000000008000a3c                HAL_NVIC_SetPriorityGrouping
 .text.HAL_NVIC_SetPriority
                0x0000000008000a52       0x38 Drivers/STM32F4xx_HAL_Driver/Src/stm32f4xx_hal_cortex.o
                0x0000000008000a52                HAL_NVIC_SetPriority
 .text.HAL_SYSTICK_Config
                0x0000000008000a8a       0x18 Drivers/STM32F4xx_HAL_Driver/Src/stm32f4xx_hal_cortex.o
                0x0000000008000a8a                HAL_SYSTICK_Config
 *fill*         0x0000000008000aa2        0x2 
 .text.HAL_GPIO_Init
                0x0000000008000aa4      0x354 Drivers/STM32F4xx_HAL_Driver/Src/stm32f4xx_hal_gpio.o
                0x0000000008000aa4                HAL_GPIO_Init
 .text.HAL_GPIO_WritePin
                0x0000000008000df8       0x32 Drivers/STM32F4xx_HAL_Driver/Src/stm32f4xx_hal_gpio.o
                0x0000000008000df8                HAL_GPIO_WritePin
 .text.HAL_GPIO_TogglePin
                0x0000000008000e2a       0x36 Drivers/STM32F4xx_HAL_Driver/Src/stm32f4xx_hal_gpio.o
                0x0000000008000e2a                HAL_GPIO_TogglePin
 .text.HAL_RCC_OscConfig
                0x0000000008000e60      0x4e0 Drivers/STM32F4xx_HAL_Driver/Src/stm32f4xx_hal_rcc.o
                0x0000000008000e60                HAL_RCC_OscConfig
 .text.HAL_RCC_ClockConfig
                0x0000000008001340      0x1cc Drivers/STM32F4xx_HAL_Driver/Src/stm32f4xx_hal_rcc.o
                0x0000000008001340                HAL_RCC_ClockConfig
 .text.HAL_RCC_GetSysClockFreq
                0x000000000800150c      0x164 Drivers/STM32F4xx_HAL_Driver/Src/stm32f4xx_hal_rcc.o
                0x000000000800150c                HAL_RCC_GetSysClockFreq
 .text.SVC_Setup
                0x0000000008001670        0xe Middlewares/Third_Party/FreeRTOS/Source/CMSIS_RTOS_V2/cmsis_os2.o
 *fill*         0x000000000800167e        0x2 
 .text.osKernelInitialize
                0x0000000008001680       0x68 Middlewares/Third_Party/FreeRTOS/Source/CMSIS_RTOS_V2/cmsis_os2.o
                0x0000000008001680                osKernelInitialize
 .text.osKernelStart
                0x00000000080016e8       0x6c Middlewares/Third_Party/FreeRTOS/Source/CMSIS_RTOS_V2/cmsis_os2.o
                0x00000000080016e8                osKernelStart
 .text.osThreadNew
                0x0000000008001754      0x14c Middlewares/Third_Party/FreeRTOS/Source/CMSIS_RTOS_V2/cmsis_os2.o
                0x0000000008001754                osThreadNew
 .text.osDelay  0x00000000080018a0       0x5c Middlewares/Third_Party/FreeRTOS/Source/CMSIS_RTOS_V2/cmsis_os2.o
                0x00000000080018a0                osDelay
 .text.vApplicationGetIdleTaskMemory
                0x00000000080018fc       0x34 Middlewares/Third_Party/FreeRTOS/Source/CMSIS_RTOS_V2/cmsis_os2.o
                0x00000000080018fc                vApplicationGetIdleTaskMemory
 .text.vApplicationGetTimerTaskMemory
                0x0000000008001930       0x34 Middlewares/Third_Party/FreeRTOS/Source/CMSIS_RTOS_V2/cmsis_os2.o
                0x0000000008001930                vApplicationGetTimerTaskMemory
 .text.vListInitialise
                0x0000000008001964       0x40 Middlewares/Third_Party/FreeRTOS/Source/list.o
                0x0000000008001964                vListInitialise
 .text.vListInitialiseItem
                0x00000000080019a4       0x1a Middlewares/Third_Party/FreeRTOS/Source/list.o
                0x00000000080019a4                vListInitialiseItem
 .text.vListInsertEnd
                0x00000000080019be       0x48 Middlewares/Third_Party/FreeRTOS/Source/list.o
                0x00000000080019be                vListInsertEnd
 .text.vListInsert
                0x0000000008001a06       0x72 Middlewares/Third_Party/FreeRTOS/Source/list.o
                0x0000000008001a06                vListInsert
 .text.uxListRemove
                0x0000000008001a78       0x54 Middlewares/Third_Party/FreeRTOS/Source/list.o
                0x0000000008001a78                uxListRemove
 .text.xQueueGenericReset
                0x0000000008001acc       0xd0 Middlewares/Third_Party/FreeRTOS/Source/queue.o
                0x0000000008001acc                xQueueGenericReset
 .text.xQueueGenericCreateStatic
                0x0000000008001b9c       0xe6 Middlewares/Third_Party/FreeRTOS/Source/queue.o
                0x0000000008001b9c                xQueueGenericCreateStatic
 .text.prvInitialiseNewQueue
                0x0000000008001c82       0x46 Middlewares/Third_Party/FreeRTOS/Source/queue.o
 .text.xQueueGenericSend
                0x0000000008001cc8      0x1f4 Middlewares/Third_Party/FreeRTOS/Source/queue.o
                0x0000000008001cc8                xQueueGenericSend
 .text.xQueueGenericSendFromISR
                0x0000000008001ebc      0x128 Middlewares/Third_Party/FreeRTOS/Source/queue.o
                0x0000000008001ebc                xQueueGenericSendFromISR
 .text.xQueueReceive
                0x0000000008001fe4      0x1b8 Middlewares/Third_Party/FreeRTOS/Source/queue.o
                0x0000000008001fe4                xQueueReceive
 .text.prvCopyDataToQueue
                0x000000000800219c       0xd4 Middlewares/Third_Party/FreeRTOS/Source/queue.o
 .text.prvCopyDataFromQueue
                0x0000000008002270       0x4c Middlewares/Third_Party/FreeRTOS/Source/queue.o
 .text.prvUnlockQueue
                0x00000000080022bc       0xa4 Middlewares/Third_Party/FreeRTOS/Source/queue.o
 .text.prvIsQueueEmpty
                0x0000000008002360       0x2c Middlewares/Third_Party/FreeRTOS/Source/queue.o
 .text.prvIsQueueFull
                0x000000000800238c       0x30 Middlewares/Third_Party/FreeRTOS/Source/queue.o
 .text.vQueueAddToRegistry
                0x00000000080023bc       0x50 Middlewares/Third_Party/FreeRTOS/Source/queue.o
                0x00000000080023bc                vQueueAddToRegistry
 .text.vQueueWaitForMessageRestricted
                0x000000000800240c       0x68 Middlewares/Third_Party/FreeRTOS/Source/queue.o
                0x000000000800240c                vQueueWaitForMessageRestricted
 .text.xTaskCreateStatic
                0x0000000008002474       0xb4 Middlewares/Third_Party/FreeRTOS/Source/tasks.o
                0x0000000008002474                xTaskCreateStatic
 .text.xTaskCreate
                0x0000000008002528       0x8a Middlewares/Third_Party/FreeRTOS/Source/tasks.o
                0x0000000008002528                xTaskCreate
 .text.prvInitialiseNewTask
                0x00000000080025b2      0x11c Middlewares/Third_Party/FreeRTOS/Source/tasks.o
 *fill*         0x00000000080026ce        0x2 
 .text.prvAddNewTaskToReadyList
                0x00000000080026d0       0xe0 Middlewares/Third_Party/FreeRTOS/Source/tasks.o
 .text.vTaskDelay
                0x00000000080027b0       0x68 Middlewares/Third_Party/FreeRTOS/Source/tasks.o
                0x00000000080027b0                vTaskDelay
 .text.vTaskStartScheduler
                0x0000000008002818       0xc8 Middlewares/Third_Party/FreeRTOS/Source/tasks.o
                0x0000000008002818                vTaskStartScheduler
 .text.vTaskSuspendAll
                0x00000000080028e0       0x1c Middlewares/Third_Party/FreeRTOS/Source/tasks.o
                0x00000000080028e0                vTaskSuspendAll
 .text.xTaskResumeAll
                0x00000000080028fc      0x138 Middlewares/Third_Party/FreeRTOS/Source/tasks.o
                0x00000000080028fc                xTaskResumeAll
 .text.xTaskGetTickCount
                0x0000000008002a34       0x20 Middlewares/Third_Party/FreeRTOS/Source/tasks.o
                0x0000000008002a34                xTaskGetTickCount
 .text.xTaskIncrementTick
                0x0000000008002a54      0x170 Middlewares/Third_Party/FreeRTOS/Source/tasks.o
                0x0000000008002a54                xTaskIncrementTick
 .text.vTaskSwitchContext
                0x0000000008002bc4       0xb8 Middlewares/Third_Party/FreeRTOS/Source/tasks.o
                0x0000000008002bc4                vTaskSwitchContext
 .text.vTaskPlaceOnEventList
                0x0000000008002c7c       0x48 Middlewares/Third_Party/FreeRTOS/Source/tasks.o
                0x0000000008002c7c                vTaskPlaceOnEventList
 .text.vTaskPlaceOnEventListRestricted
                0x0000000008002cc4       0x54 Middlewares/Third_Party/FreeRTOS/Source/tasks.o
                0x0000000008002cc4                vTaskPlaceOnEventListRestricted
 .text.xTaskRemoveFromEventList
                0x0000000008002d18       0xc4 Middlewares/Third_Party/FreeRTOS/Source/tasks.o
                0x0000000008002d18                xTaskRemoveFromEventList
 .text.vTaskInternalSetTimeOutState
                0x0000000008002ddc       0x2c Middlewares/Third_Party/FreeRTOS/Source/tasks.o
                0x0000000008002ddc                vTaskInternalSetTimeOutState
 .text.xTaskCheckForTimeOut
                0x0000000008002e08       0xc0 Middlewares/Third_Party/FreeRTOS/Source/tasks.o
                0x0000000008002e08                xTaskCheckForTimeOut
 .text.vTaskMissedYield
                0x0000000008002ec8       0x18 Middlewares/Third_Party/FreeRTOS/Source/tasks.o
                0x0000000008002ec8                vTaskMissedYield
 .text.prvIdleTask
                0x0000000008002ee0       0x30 Middlewares/Third_Party/FreeRTOS/Source/tasks.o
 .text.prvInitialiseTaskLists
                0x0000000008002f10       0x80 Middlewares/Third_Party/FreeRTOS/Source/tasks.o
 .text.prvCheckTasksWaitingTermination
                0x0000000008002f90       0x58 Middlewares/Third_Party/FreeRTOS/Source/tasks.o
 .text.prvDeleteTCB
                0x0000000008002fe8       0x5c Middlewares/Third_Party/FreeRTOS/Source/tasks.o
 .text.prvResetNextTaskUnblockTime
                0x0000000008003044       0x40 Middlewares/Third_Party/FreeRTOS/Source/tasks.o
 .text.xTaskGetSchedulerState
                0x0000000008003084       0x3c Middlewares/Third_Party/FreeRTOS/Source/tasks.o
                0x0000000008003084                xTaskGetSchedulerState
 .text.xTaskPriorityDisinherit
                0x00000000080030c0       0xd8 Middlewares/Third_Party/FreeRTOS/Source/tasks.o
                0x00000000080030c0                xTaskPriorityDisinherit
 .text.prvAddCurrentTaskToDelayedList
                0x0000000008003198       0xa8 Middlewares/Third_Party/FreeRTOS/Source/tasks.o
 .text.xTimerCreateTimerTask
                0x0000000008003240       0x90 Middlewares/Third_Party/FreeRTOS/Source/timers.o
                0x0000000008003240                xTimerCreateTimerTask
 .text.xTimerGenericCommand
                0x00000000080032d0       0x98 Middlewares/Third_Party/FreeRTOS/Source/timers.o
                0x00000000080032d0                xTimerGenericCommand
 .text.prvProcessExpiredTimer
                0x0000000008003368       0x98 Middlewares/Third_Party/FreeRTOS/Source/timers.o
 .text.prvTimerTask
                0x0000000008003400       0x24 Middlewares/Third_Party/FreeRTOS/Source/timers.o
 .text.prvProcessTimerOrBlockTask
                0x0000000008003424       0x9c Middlewares/Third_Party/FreeRTOS/Source/timers.o
 .text.prvGetNextExpireTime
                0x00000000080034c0       0x48 Middlewares/Third_Party/FreeRTOS/Source/timers.o
 .text.prvSampleTimeNow
                0x0000000008003508       0x40 Middlewares/Third_Party/FreeRTOS/Source/timers.o
 .text.prvInsertTimerInActiveList
                0x0000000008003548       0x84 Middlewares/Third_Party/FreeRTOS/Source/timers.o
 .text.prvProcessReceivedCommands
                0x00000000080035cc      0x1b8 Middlewares/Third_Party/FreeRTOS/Source/timers.o
 .text.prvSwitchTimerLists
                0x0000000008003784       0xc8 Middlewares/Third_Party/FreeRTOS/Source/timers.o
 .text.prvCheckForValidListAndQueue
                0x000000000800384c       0x80 Middlewares/Third_Party/FreeRTOS/Source/timers.o
 .text.pxPortInitialiseStack
                0x00000000080038cc       0x68 Middlewares/Third_Party/FreeRTOS/Source/portable/GCC/ARM_CM4F/port.o
                0x00000000080038cc                pxPortInitialiseStack
 .text.prvTaskExitError
                0x0000000008003934       0x54 Middlewares/Third_Party/FreeRTOS/Source/portable/GCC/ARM_CM4F/port.o
 *fill*         0x0000000008003988        0x8 
 .text.SVC_Handler
                0x0000000008003990       0x28 Middlewares/Third_Party/FreeRTOS/Source/portable/GCC/ARM_CM4F/port.o
                0x0000000008003990                SVC_Handler
 .text.prvPortStartFirstTask
                0x00000000080039b8       0x28 Middlewares/Third_Party/FreeRTOS/Source/portable/GCC/ARM_CM4F/port.o
 .text.xPortStartScheduler
                0x00000000080039e0      0x13c Middlewares/Third_Party/FreeRTOS/Source/portable/GCC/ARM_CM4F/port.o
                0x00000000080039e0                xPortStartScheduler
 .text.vPortEnterCritical
                0x0000000008003b1c       0x5c Middlewares/Third_Party/FreeRTOS/Source/portable/GCC/ARM_CM4F/port.o
                0x0000000008003b1c                vPortEnterCritical
 .text.vPortExitCritical
                0x0000000008003b78       0x50 Middlewares/Third_Party/FreeRTOS/Source/portable/GCC/ARM_CM4F/port.o
                0x0000000008003b78                vPortExitCritical
 *fill*         0x0000000008003bc8        0x8 
 .text.PendSV_Handler
                0x0000000008003bd0       0x68 Middlewares/Third_Party/FreeRTOS/Source/portable/GCC/ARM_CM4F/port.o
                0x0000000008003bd0                PendSV_Handler
 .text.xPortSysTickHandler
                0x0000000008003c38       0x40 Middlewares/Third_Party/FreeRTOS/Source/portable/GCC/ARM_CM4F/port.o
                0x0000000008003c38                xPortSysTickHandler
 .text.vPortSetupTimerInterrupt
                0x0000000008003c78       0x48 Middlewares/Third_Party/FreeRTOS/Source/portable/GCC/ARM_CM4F/port.o
                0x0000000008003c78                vPortSetupTimerInterrupt
 .text.vPortEnableVFP
                0x0000000008003cc0       0x14 Middlewares/Third_Party/FreeRTOS/Source/portable/GCC/ARM_CM4F/port.o
 .text.vPortValidateInterruptPriority
                0x0000000008003cd4       0x7c Middlewares/Third_Party/FreeRTOS/Source/portable/GCC/ARM_CM4F/port.o
                0x0000000008003cd4                vPortValidateInterruptPriority
 .text.pvPortMalloc
                0x0000000008003d50      0x184 Middlewares/Third_Party/FreeRTOS/Source/portable/MemMang/heap_4.o
                0x0000000008003d50                pvPortMalloc
 .text.vPortFree
                0x0000000008003ed4       0xb0 Middlewares/Third_Party/FreeRTOS/Source/portable/MemMang/heap_4.o
                0x0000000008003ed4                vPortFree
 .text.prvHeapInit
                0x0000000008003f84       0xc4 Middlewares/Third_Party/FreeRTOS/Source/portable/MemMang/heap_4.o
 .text.prvInsertBlockIntoFreeList
                0x0000000008004048       0xb4 Middlewares/Third_Party/FreeRTOS/Source/portable/MemMang/heap_4.o
 .text.__libc_init_array
                0x00000000080040fc       0x48 d:/en.st-stm32cubeide_1.3.0_5720_20200220_1053_x86_64.exe/stm32cubeide_1.3.0/stm32cubeide/plugins/com.st.stm32cube.ide.mcu.externaltools.gnu-tools-for-stm32.7-2018-q2-update.win32_1.0.0.201904181610/tools/bin/../lib/gcc/arm-none-eabi/7.3.1/../../../../arm-none-eabi/lib/thumb/v7e-m/fpv4-sp/hard\libc_nano.a(lib_a-init.o)
                0x00000000080040fc                __libc_init_array
 .text.memcpy   0x0000000008004144       0x16 d:/en.st-stm32cubeide_1.3.0_5720_20200220_1053_x86_64.exe/stm32cubeide_1.3.0/stm32cubeide/plugins/com.st.stm32cube.ide.mcu.externaltools.gnu-tools-for-stm32.7-2018-q2-update.win32_1.0.0.201904181610/tools/bin/../lib/gcc/arm-none-eabi/7.3.1/../../../../arm-none-eabi/lib/thumb/v7e-m/fpv4-sp/hard\libc_nano.a(lib_a-memcpy-stub.o)
                0x0000000008004144                memcpy
 .text.memset   0x000000000800415a       0x10 d:/en.st-stm32cubeide_1.3.0_5720_20200220_1053_x86_64.exe/stm32cubeide_1.3.0/stm32cubeide/plugins/com.st.stm32cube.ide.mcu.externaltools.gnu-tools-for-stm32.7-2018-q2-update.win32_1.0.0.201904181610/tools/bin/../lib/gcc/arm-none-eabi/7.3.1/../../../../arm-none-eabi/lib/thumb/v7e-m/fpv4-sp/hard\libc_nano.a(lib_a-memset.o)
                0x000000000800415a                memset
 *(.glue_7)
 .glue_7        0x000000000800416a        0x0 linker stubs
 *(.glue_7t)
 .glue_7t       0x000000000800416a        0x0 linker stubs
 *(.eh_frame)
 *fill*         0x000000000800416a        0x2 
 .eh_frame      0x000000000800416c        0x0 d:/en.st-stm32cubeide_1.3.0_5720_20200220_1053_x86_64.exe/stm32cubeide_1.3.0/stm32cubeide/plugins/com.st.stm32cube.ide.mcu.externaltools.gnu-tools-for-stm32.7-2018-q2-update.win32_1.0.0.201904181610/tools/bin/../lib/gcc/arm-none-eabi/7.3.1/thumb/v7e-m/fpv4-sp/hard/crtbegin.o
 *(.init)
 .init          0x000000000800416c        0x4 d:/en.st-stm32cubeide_1.3.0_5720_20200220_1053_x86_64.exe/stm32cubeide_1.3.0/stm32cubeide/plugins/com.st.stm32cube.ide.mcu.externaltools.gnu-tools-for-stm32.7-2018-q2-update.win32_1.0.0.201904181610/tools/bin/../lib/gcc/arm-none-eabi/7.3.1/thumb/v7e-m/fpv4-sp/hard/crti.o
                0x000000000800416c                _init
 .init          0x0000000008004170        0x8 d:/en.st-stm32cubeide_1.3.0_5720_20200220_1053_x86_64.exe/stm32cubeide_1.3.0/stm32cubeide/plugins/com.st.stm32cube.ide.mcu.externaltools.gnu-tools-for-stm32.7-2018-q2-update.win32_1.0.0.201904181610/tools/bin/../lib/gcc/arm-none-eabi/7.3.1/thumb/v7e-m/fpv4-sp/hard/crtn.o
 *(.fini)
 .fini          0x0000000008004178        0x4 d:/en.st-stm32cubeide_1.3.0_5720_20200220_1053_x86_64.exe/stm32cubeide_1.3.0/stm32cubeide/plugins/com.st.stm32cube.ide.mcu.externaltools.gnu-tools-for-stm32.7-2018-q2-update.win32_1.0.0.201904181610/tools/bin/../lib/gcc/arm-none-eabi/7.3.1/thumb/v7e-m/fpv4-sp/hard/crti.o
                0x0000000008004178                _fini
 .fini          0x000000000800417c        0x8 d:/en.st-stm32cubeide_1.3.0_5720_20200220_1053_x86_64.exe/stm32cubeide_1.3.0/stm32cubeide/plugins/com.st.stm32cube.ide.mcu.externaltools.gnu-tools-for-stm32.7-2018-q2-update.win32_1.0.0.201904181610/tools/bin/../lib/gcc/arm-none-eabi/7.3.1/thumb/v7e-m/fpv4-sp/hard/crtn.o
                0x0000000008004184                . = ALIGN (0x4)
                0x0000000008004184                _etext = .

.vfp11_veneer   0x0000000008004184        0x0
 .vfp11_veneer  0x0000000008004184        0x0 linker stubs

.v4_bx          0x0000000008004184        0x0
 .v4_bx         0x0000000008004184        0x0 linker stubs

.iplt           0x0000000008004184        0x0
 .iplt          0x0000000008004184        0x0 d:/en.st-stm32cubeide_1.3.0_5720_20200220_1053_x86_64.exe/stm32cubeide_1.3.0/stm32cubeide/plugins/com.st.stm32cube.ide.mcu.externaltools.gnu-tools-for-stm32.7-2018-q2-update.win32_1.0.0.201904181610/tools/bin/../lib/gcc/arm-none-eabi/7.3.1/thumb/v7e-m/fpv4-sp/hard/crtbegin.o

.rodata         0x0000000008004184       0x88
                0x0000000008004184                . = ALIGN (0x4)
 *(.rodata)
 .rodata        0x0000000008004184       0x15 Core/Src/main.o
 *fill*         0x0000000008004199        0x3 
 .rodata        0x000000000800419c        0x5 Middlewares/Third_Party/FreeRTOS/Source/tasks.o
 *fill*         0x00000000080041a1        0x3 
 .rodata        0x00000000080041a4        0xd Middlewares/Third_Party/FreeRTOS/Source/timers.o
 *(.rodata*)
 *fill*         0x00000000080041b1        0x3 
 .rodata.defaultTask_attributes
                0x00000000080041b4       0x24 Core/Src/main.o
                0x00000000080041b4                defaultTask_attributes
 .rodata.myTask02_attributes
                0x00000000080041d8       0x24 Core/Src/main.o
                0x00000000080041d8                myTask02_attributes
 .rodata.AHBPrescTable
                0x00000000080041fc       0x10 Core/Src/system_stm32f4xx.o
                0x00000000080041fc                AHBPrescTable
                0x000000000800420c                . = ALIGN (0x4)

.ARM.extab      0x000000000800420c        0x0
                0x000000000800420c                . = ALIGN (0x4)
 *(.ARM.extab* .gnu.linkonce.armextab.*)
                0x000000000800420c                . = ALIGN (0x4)

.ARM            0x000000000800420c        0x8
                0x000000000800420c                . = ALIGN (0x4)
                0x000000000800420c                __exidx_start = .
 *(.ARM.exidx*)
 .ARM.exidx     0x000000000800420c        0x8 d:/en.st-stm32cubeide_1.3.0_5720_20200220_1053_x86_64.exe/stm32cubeide_1.3.0/stm32cubeide/plugins/com.st.stm32cube.ide.mcu.externaltools.gnu-tools-for-stm32.7-2018-q2-update.win32_1.0.0.201904181610/tools/bin/../lib/gcc/arm-none-eabi/7.3.1/thumb/v7e-m/fpv4-sp/hard\libgcc.a(_udivmoddi4.o)
                0x0000000008004214                __exidx_end = .
                0x0000000008004214                . = ALIGN (0x4)

.rel.dyn        0x0000000008004214        0x0
 .rel.iplt      0x0000000008004214        0x0 d:/en.st-stm32cubeide_1.3.0_5720_20200220_1053_x86_64.exe/stm32cubeide_1.3.0/stm32cubeide/plugins/com.st.stm32cube.ide.mcu.externaltools.gnu-tools-for-stm32.7-2018-q2-update.win32_1.0.0.201904181610/tools/bin/../lib/gcc/arm-none-eabi/7.3.1/thumb/v7e-m/fpv4-sp/hard/crtbegin.o

.preinit_array  0x0000000008004214        0x0
                0x0000000008004214                . = ALIGN (0x4)
                0x0000000008004214                PROVIDE (__preinit_array_start = .)
 *(.preinit_array*)
                0x0000000008004214                PROVIDE (__preinit_array_end = .)
                0x0000000008004214                . = ALIGN (0x4)

.init_array     0x0000000008004214        0x4
                0x0000000008004214                . = ALIGN (0x4)
                0x0000000008004214                PROVIDE (__init_array_start = .)
 *(SORT_BY_NAME(.init_array.*))
 *(.init_array*)
 .init_array    0x0000000008004214        0x4 d:/en.st-stm32cubeide_1.3.0_5720_20200220_1053_x86_64.exe/stm32cubeide_1.3.0/stm32cubeide/plugins/com.st.stm32cube.ide.mcu.externaltools.gnu-tools-for-stm32.7-2018-q2-update.win32_1.0.0.201904181610/tools/bin/../lib/gcc/arm-none-eabi/7.3.1/thumb/v7e-m/fpv4-sp/hard/crtbegin.o
                0x0000000008004218                PROVIDE (__init_array_end = .)
                0x0000000008004218                . = ALIGN (0x4)

.fini_array     0x0000000008004218        0x4
                0x0000000008004218                . = ALIGN (0x4)
                [!provide]                        PROVIDE (__fini_array_start = .)
 *(SORT_BY_NAME(.fini_array.*))
 *(.fini_array*)
 .fini_array    0x0000000008004218        0x4 d:/en.st-stm32cubeide_1.3.0_5720_20200220_1053_x86_64.exe/stm32cubeide_1.3.0/stm32cubeide/plugins/com.st.stm32cube.ide.mcu.externaltools.gnu-tools-for-stm32.7-2018-q2-update.win32_1.0.0.201904181610/tools/bin/../lib/gcc/arm-none-eabi/7.3.1/thumb/v7e-m/fpv4-sp/hard/crtbegin.o
                [!provide]                        PROVIDE (__fini_array_end = .)
                0x000000000800421c                . = ALIGN (0x4)
                0x000000000800421c                _sidata = LOADADDR (.data)

.data           0x0000000020000000       0x10 load address 0x000000000800421c
                0x0000000020000000                . = ALIGN (0x4)
                0x0000000020000000                _sdata = .
 *(.data)
 *(.data*)
 .data.SystemCoreClock
                0x0000000020000000        0x4 Core/Src/system_stm32f4xx.o
                0x0000000020000000                SystemCoreClock
 .data.uwTickPrio
                0x0000000020000004        0x4 Drivers/STM32F4xx_HAL_Driver/Src/stm32f4xx_hal.o
                0x0000000020000004                uwTickPrio
 .data.uwTickFreq
                0x0000000020000008        0x1 Drivers/STM32F4xx_HAL_Driver/Src/stm32f4xx_hal.o
                0x0000000020000008                uwTickFreq
 *fill*         0x0000000020000009        0x3 
 .data.uxCriticalNesting
                0x000000002000000c        0x4 Middlewares/Third_Party/FreeRTOS/Source/portable/GCC/ARM_CM4F/port.o
                0x0000000020000010                . = ALIGN (0x4)
                0x0000000020000010                _edata = .

.igot.plt       0x0000000020000010        0x0 load address 0x000000000800422c
 .igot.plt      0x0000000020000010        0x0 d:/en.st-stm32cubeide_1.3.0_5720_20200220_1053_x86_64.exe/stm32cubeide_1.3.0/stm32cubeide/plugins/com.st.stm32cube.ide.mcu.externaltools.gnu-tools-for-stm32.7-2018-q2-update.win32_1.0.0.201904181610/tools/bin/../lib/gcc/arm-none-eabi/7.3.1/thumb/v7e-m/fpv4-sp/hard/crtbegin.o
                0x0000000020000010                . = ALIGN (0x4)

.bss            0x0000000020000010     0x4970 load address 0x000000000800422c
                0x0000000020000010                _sbss = .
                0x0000000020000010                __bss_start__ = _sbss
 *(.bss)
 .bss           0x0000000020000010       0x1c d:/en.st-stm32cubeide_1.3.0_5720_20200220_1053_x86_64.exe/stm32cubeide_1.3.0/stm32cubeide/plugins/com.st.stm32cube.ide.mcu.externaltools.gnu-tools-for-stm32.7-2018-q2-update.win32_1.0.0.201904181610/tools/bin/../lib/gcc/arm-none-eabi/7.3.1/thumb/v7e-m/fpv4-sp/hard/crtbegin.o
 *(.bss*)
 .bss.KernelState
                0x000000002000002c        0x4 Middlewares/Third_Party/FreeRTOS/Source/CMSIS_RTOS_V2/cmsis_os2.o
 .bss.Idle_TCB  0x0000000020000030       0x5c Middlewares/Third_Party/FreeRTOS/Source/CMSIS_RTOS_V2/cmsis_os2.o
 .bss.Idle_Stack
                0x000000002000008c      0x200 Middlewares/Third_Party/FreeRTOS/Source/CMSIS_RTOS_V2/cmsis_os2.o
 .bss.Timer_TCB
                0x000000002000028c       0x5c Middlewares/Third_Party/FreeRTOS/Source/CMSIS_RTOS_V2/cmsis_os2.o
 .bss.Timer_Stack
                0x00000000200002e8      0x400 Middlewares/Third_Party/FreeRTOS/Source/CMSIS_RTOS_V2/cmsis_os2.o
 .bss.pxCurrentTCB
                0x00000000200006e8        0x4 Middlewares/Third_Party/FreeRTOS/Source/tasks.o
                0x00000000200006e8                pxCurrentTCB
 .bss.pxReadyTasksLists
                0x00000000200006ec      0x460 Middlewares/Third_Party/FreeRTOS/Source/tasks.o
 .bss.xDelayedTaskList1
                0x0000000020000b4c       0x14 Middlewares/Third_Party/FreeRTOS/Source/tasks.o
 .bss.xDelayedTaskList2
                0x0000000020000b60       0x14 Middlewares/Third_Party/FreeRTOS/Source/tasks.o
 .bss.pxDelayedTaskList
                0x0000000020000b74        0x4 Middlewares/Third_Party/FreeRTOS/Source/tasks.o
 .bss.pxOverflowDelayedTaskList
                0x0000000020000b78        0x4 Middlewares/Third_Party/FreeRTOS/Source/tasks.o
 .bss.xPendingReadyList
                0x0000000020000b7c       0x14 Middlewares/Third_Party/FreeRTOS/Source/tasks.o
 .bss.xTasksWaitingTermination
                0x0000000020000b90       0x14 Middlewares/Third_Party/FreeRTOS/Source/tasks.o
 .bss.uxDeletedTasksWaitingCleanUp
                0x0000000020000ba4        0x4 Middlewares/Third_Party/FreeRTOS/Source/tasks.o
 .bss.xSuspendedTaskList
                0x0000000020000ba8       0x14 Middlewares/Third_Party/FreeRTOS/Source/tasks.o
 .bss.uxCurrentNumberOfTasks
                0x0000000020000bbc        0x4 Middlewares/Third_Party/FreeRTOS/Source/tasks.o
 .bss.xTickCount
                0x0000000020000bc0        0x4 Middlewares/Third_Party/FreeRTOS/Source/tasks.o
 .bss.uxTopReadyPriority
                0x0000000020000bc4        0x4 Middlewares/Third_Party/FreeRTOS/Source/tasks.o
 .bss.xSchedulerRunning
                0x0000000020000bc8        0x4 Middlewares/Third_Party/FreeRTOS/Source/tasks.o
 .bss.uxPendedTicks
                0x0000000020000bcc        0x4 Middlewares/Third_Party/FreeRTOS/Source/tasks.o
 .bss.xYieldPending
                0x0000000020000bd0        0x4 Middlewares/Third_Party/FreeRTOS/Source/tasks.o
 .bss.xNumOfOverflows
                0x0000000020000bd4        0x4 Middlewares/Third_Party/FreeRTOS/Source/tasks.o
 .bss.uxTaskNumber
                0x0000000020000bd8        0x4 Middlewares/Third_Party/FreeRTOS/Source/tasks.o
 .bss.xNextTaskUnblockTime
                0x0000000020000bdc        0x4 Middlewares/Third_Party/FreeRTOS/Source/tasks.o
 .bss.xIdleTaskHandle
                0x0000000020000be0        0x4 Middlewares/Third_Party/FreeRTOS/Source/tasks.o
 .bss.uxSchedulerSuspended
                0x0000000020000be4        0x4 Middlewares/Third_Party/FreeRTOS/Source/tasks.o
 .bss.xActiveTimerList1
                0x0000000020000be8       0x14 Middlewares/Third_Party/FreeRTOS/Source/timers.o
 .bss.xActiveTimerList2
                0x0000000020000bfc       0x14 Middlewares/Third_Party/FreeRTOS/Source/timers.o
 .bss.pxCurrentTimerList
                0x0000000020000c10        0x4 Middlewares/Third_Party/FreeRTOS/Source/timers.o
 .bss.pxOverflowTimerList
                0x0000000020000c14        0x4 Middlewares/Third_Party/FreeRTOS/Source/timers.o
 .bss.xTimerQueue
                0x0000000020000c18        0x4 Middlewares/Third_Party/FreeRTOS/Source/timers.o
 .bss.xTimerTaskHandle
                0x0000000020000c1c        0x4 Middlewares/Third_Party/FreeRTOS/Source/timers.o
 .bss.xLastTime.6743
                0x0000000020000c20        0x4 Middlewares/Third_Party/FreeRTOS/Source/timers.o
 .bss.ucStaticTimerQueueStorage.6794
                0x0000000020000c24       0xa0 Middlewares/Third_Party/FreeRTOS/Source/timers.o
 .bss.xStaticTimerQueue.6793
                0x0000000020000cc4       0x50 Middlewares/Third_Party/FreeRTOS/Source/timers.o
 .bss.ucMaxSysCallPriority
                0x0000000020000d14        0x1 Middlewares/Third_Party/FreeRTOS/Source/portable/GCC/ARM_CM4F/port.o
 *fill*         0x0000000020000d15        0x3 
 .bss.ulMaxPRIGROUPValue
                0x0000000020000d18        0x4 Middlewares/Third_Party/FreeRTOS/Source/portable/GCC/ARM_CM4F/port.o
 .bss.ucHeap    0x0000000020000d1c     0x3c00 Middlewares/Third_Party/FreeRTOS/Source/portable/MemMang/heap_4.o
 .bss.xStart    0x000000002000491c        0x8 Middlewares/Third_Party/FreeRTOS/Source/portable/MemMang/heap_4.o
 .bss.pxEnd     0x0000000020004924        0x4 Middlewares/Third_Party/FreeRTOS/Source/portable/MemMang/heap_4.o
 .bss.xFreeBytesRemaining
                0x0000000020004928        0x4 Middlewares/Third_Party/FreeRTOS/Source/portable/MemMang/heap_4.o
 .bss.xMinimumEverFreeBytesRemaining
                0x000000002000492c        0x4 Middlewares/Third_Party/FreeRTOS/Source/portable/MemMang/heap_4.o
 .bss.xBlockAllocatedBit
                0x0000000020004930        0x4 Middlewares/Third_Party/FreeRTOS/Source/portable/MemMang/heap_4.o
 *(COMMON)
 COMMON         0x0000000020004934        0x8 Core/Src/main.o
                0x0000000020004934                defaultTaskHandle
                0x0000000020004938                myTask02Handle
 COMMON         0x000000002000493c        0x4 Drivers/STM32F4xx_HAL_Driver/Src/stm32f4xx_hal.o
                0x000000002000493c                uwTick
 COMMON         0x0000000020004940       0x40 Middlewares/Third_Party/FreeRTOS/Source/queue.o
                0x0000000020004940                xQueueRegistry
                0x0000000020004980                . = ALIGN (0x4)
                0x0000000020004980                _ebss = .
                0x0000000020004980                __bss_end__ = _ebss

._user_heap_stack
                0x0000000020004980      0x600 load address 0x000000000800422c
                0x0000000020004980                . = ALIGN (0x8)
                0x0000000020004980                PROVIDE (end = .)
                [!provide]                        PROVIDE (_end = .)
                0x0000000020004b80                . = (. + _Min_Heap_Size)
 *fill*         0x0000000020004980      0x200 
                0x0000000020004f80                . = (. + _Min_Stack_Size)
 *fill*         0x0000000020004b80      0x400 
                0x0000000020004f80                . = ALIGN (0x8)

/DISCARD/
 libc.a(*)
 libm.a(*)
 libgcc.a(*)

.ARM.attributes
                0x0000000000000000       0x30
 *(.ARM.attributes)
 .ARM.attributes
                0x0000000000000000       0x22 d:/en.st-stm32cubeide_1.3.0_5720_20200220_1053_x86_64.exe/stm32cubeide_1.3.0/stm32cubeide/plugins/com.st.stm32cube.ide.mcu.externaltools.gnu-tools-for-stm32.7-2018-q2-update.win32_1.0.0.201904181610/tools/bin/../lib/gcc/arm-none-eabi/7.3.1/thumb/v7e-m/fpv4-sp/hard/crti.o
 .ARM.attributes
                0x0000000000000022       0x34 d:/en.st-stm32cubeide_1.3.0_5720_20200220_1053_x86_64.exe/stm32cubeide_1.3.0/stm32cubeide/plugins/com.st.stm32cube.ide.mcu.externaltools.gnu-tools-for-stm32.7-2018-q2-update.win32_1.0.0.201904181610/tools/bin/../lib/gcc/arm-none-eabi/7.3.1/thumb/v7e-m/fpv4-sp/hard/crtbegin.o
 .ARM.attributes
                0x0000000000000056       0x39 Core/Src/main.o
 .ARM.attributes
                0x000000000000008f       0x39 Core/Src/stm32f4xx_hal_msp.o
 .ARM.attributes
                0x00000000000000c8       0x39 Core/Src/stm32f4xx_it.o
 .ARM.attributes
                0x0000000000000101       0x39 Core/Src/system_stm32f4xx.o
 .ARM.attributes
                0x000000000000013a       0x21 Core/Startup/startup_stm32f429zitx.o
 .ARM.attributes
                0x000000000000015b       0x39 Drivers/STM32F4xx_HAL_Driver/Src/stm32f4xx_hal.o
 .ARM.attributes
                0x0000000000000194       0x39 Drivers/STM32F4xx_HAL_Driver/Src/stm32f4xx_hal_cortex.o
 .ARM.attributes
                0x00000000000001cd       0x39 Drivers/STM32F4xx_HAL_Driver/Src/stm32f4xx_hal_gpio.o
 .ARM.attributes
                0x0000000000000206       0x39 Drivers/STM32F4xx_HAL_Driver/Src/stm32f4xx_hal_rcc.o
 .ARM.attributes
                0x000000000000023f       0x39 Middlewares/Third_Party/FreeRTOS/Source/CMSIS_RTOS_V2/cmsis_os2.o
 .ARM.attributes
                0x0000000000000278       0x39 Middlewares/Third_Party/FreeRTOS/Source/list.o
 .ARM.attributes
                0x00000000000002b1       0x39 Middlewares/Third_Party/FreeRTOS/Source/queue.o
 .ARM.attributes
                0x00000000000002ea       0x39 Middlewares/Third_Party/FreeRTOS/Source/tasks.o
 .ARM.attributes
                0x0000000000000323       0x39 Middlewares/Third_Party/FreeRTOS/Source/timers.o
 .ARM.attributes
                0x000000000000035c       0x39 Middlewares/Third_Party/FreeRTOS/Source/portable/GCC/ARM_CM4F/port.o
 .ARM.attributes
                0x0000000000000395       0x39 Middlewares/Third_Party/FreeRTOS/Source/portable/MemMang/heap_4.o
 .ARM.attributes
                0x00000000000003ce       0x34 d:/en.st-stm32cubeide_1.3.0_5720_20200220_1053_x86_64.exe/stm32cubeide_1.3.0/stm32cubeide/plugins/com.st.stm32cube.ide.mcu.externaltools.gnu-tools-for-stm32.7-2018-q2-update.win32_1.0.0.201904181610/tools/bin/../lib/gcc/arm-none-eabi/7.3.1/../../../../arm-none-eabi/lib/thumb/v7e-m/fpv4-sp/hard\libc_nano.a(lib_a-init.o)
 .ARM.attributes
                0x0000000000000402       0x34 d:/en.st-stm32cubeide_1.3.0_5720_20200220_1053_x86_64.exe/stm32cubeide_1.3.0/stm32cubeide/plugins/com.st.stm32cube.ide.mcu.externaltools.gnu-tools-for-stm32.7-2018-q2-update.win32_1.0.0.201904181610/tools/bin/../lib/gcc/arm-none-eabi/7.3.1/../../../../arm-none-eabi/lib/thumb/v7e-m/fpv4-sp/hard\libc_nano.a(lib_a-memcpy-stub.o)
 .ARM.attributes
                0x0000000000000436       0x34 d:/en.st-stm32cubeide_1.3.0_5720_20200220_1053_x86_64.exe/stm32cubeide_1.3.0/stm32cubeide/plugins/com.st.stm32cube.ide.mcu.externaltools.gnu-tools-for-stm32.7-2018-q2-update.win32_1.0.0.201904181610/tools/bin/../lib/gcc/arm-none-eabi/7.3.1/../../../../arm-none-eabi/lib/thumb/v7e-m/fpv4-sp/hard\libc_nano.a(lib_a-memset.o)
 .ARM.attributes
                0x000000000000046a       0x22 d:/en.st-stm32cubeide_1.3.0_5720_20200220_1053_x86_64.exe/stm32cubeide_1.3.0/stm32cubeide/plugins/com.st.stm32cube.ide.mcu.externaltools.gnu-tools-for-stm32.7-2018-q2-update.win32_1.0.0.201904181610/tools/bin/../lib/gcc/arm-none-eabi/7.3.1/thumb/v7e-m/fpv4-sp/hard\libgcc.a(_aeabi_uldivmod.o)
 .ARM.attributes
                0x000000000000048c       0x34 d:/en.st-stm32cubeide_1.3.0_5720_20200220_1053_x86_64.exe/stm32cubeide_1.3.0/stm32cubeide/plugins/com.st.stm32cube.ide.mcu.externaltools.gnu-tools-for-stm32.7-2018-q2-update.win32_1.0.0.201904181610/tools/bin/../lib/gcc/arm-none-eabi/7.3.1/thumb/v7e-m/fpv4-sp/hard\libgcc.a(_udivmoddi4.o)
 .ARM.attributes
                0x00000000000004c0       0x22 d:/en.st-stm32cubeide_1.3.0_5720_20200220_1053_x86_64.exe/stm32cubeide_1.3.0/stm32cubeide/plugins/com.st.stm32cube.ide.mcu.externaltools.gnu-tools-for-stm32.7-2018-q2-update.win32_1.0.0.201904181610/tools/bin/../lib/gcc/arm-none-eabi/7.3.1/thumb/v7e-m/fpv4-sp/hard\libgcc.a(_dvmd_tls.o)
 .ARM.attributes
                0x00000000000004e2       0x22 d:/en.st-stm32cubeide_1.3.0_5720_20200220_1053_x86_64.exe/stm32cubeide_1.3.0/stm32cubeide/plugins/com.st.stm32cube.ide.mcu.externaltools.gnu-tools-for-stm32.7-2018-q2-update.win32_1.0.0.201904181610/tools/bin/../lib/gcc/arm-none-eabi/7.3.1/thumb/v7e-m/fpv4-sp/hard/crtn.o
OUTPUT(prj2.elf elf32-littlearm)

.debug_info     0x0000000000000000    0x103a6
 .debug_info    0x0000000000000000      0x920 Core/Src/main.o
 .debug_info    0x0000000000000920      0x5d6 Core/Src/stm32f4xx_hal_msp.o
 .debug_info    0x0000000000000ef6      0x1fa Core/Src/stm32f4xx_it.o
 .debug_info    0x00000000000010f0      0x56e Core/Src/system_stm32f4xx.o
 .debug_info    0x000000000000165e       0x22 Core/Startup/startup_stm32f429zitx.o
 .debug_info    0x0000000000001680      0x9b9 Drivers/STM32F4xx_HAL_Driver/Src/stm32f4xx_hal.o
 .debug_info    0x0000000000002039      0xe5e Drivers/STM32F4xx_HAL_Driver/Src/stm32f4xx_hal_cortex.o
 .debug_info    0x0000000000002e97      0x7cf Drivers/STM32F4xx_HAL_Driver/Src/stm32f4xx_hal_gpio.o
 .debug_info    0x0000000000003666      0x91e Drivers/STM32F4xx_HAL_Driver/Src/stm32f4xx_hal_rcc.o
 .debug_info    0x0000000000003f84     0x401f Middlewares/Third_Party/FreeRTOS/Source/CMSIS_RTOS_V2/cmsis_os2.o
 .debug_info    0x0000000000007fa3      0xacb Middlewares/Third_Party/FreeRTOS/Source/list.o
 .debug_info    0x0000000000008a6e     0x239c Middlewares/Third_Party/FreeRTOS/Source/queue.o
 .debug_info    0x000000000000ae0a     0x29c5 Middlewares/Third_Party/FreeRTOS/Source/tasks.o
 .debug_info    0x000000000000d7cf     0x1aba Middlewares/Third_Party/FreeRTOS/Source/timers.o
 .debug_info    0x000000000000f289      0x533 Middlewares/Third_Party/FreeRTOS/Source/portable/GCC/ARM_CM4F/port.o
 .debug_info    0x000000000000f7bc      0xbea Middlewares/Third_Party/FreeRTOS/Source/portable/MemMang/heap_4.o

.debug_abbrev   0x0000000000000000     0x2143
 .debug_abbrev  0x0000000000000000      0x1c2 Core/Src/main.o
 .debug_abbrev  0x00000000000001c2      0x112 Core/Src/stm32f4xx_hal_msp.o
 .debug_abbrev  0x00000000000002d4       0xc6 Core/Src/stm32f4xx_it.o
 .debug_abbrev  0x000000000000039a      0x12b Core/Src/system_stm32f4xx.o
 .debug_abbrev  0x00000000000004c5       0x12 Core/Startup/startup_stm32f429zitx.o
 .debug_abbrev  0x00000000000004d7      0x1c7 Drivers/STM32F4xx_HAL_Driver/Src/stm32f4xx_hal.o
 .debug_abbrev  0x000000000000069e      0x2fa Drivers/STM32F4xx_HAL_Driver/Src/stm32f4xx_hal_cortex.o
 .debug_abbrev  0x0000000000000998      0x1c9 Drivers/STM32F4xx_HAL_Driver/Src/stm32f4xx_hal_gpio.o
 .debug_abbrev  0x0000000000000b61      0x245 Drivers/STM32F4xx_HAL_Driver/Src/stm32f4xx_hal_rcc.o
 .debug_abbrev  0x0000000000000da6      0x3c3 Middlewares/Third_Party/FreeRTOS/Source/CMSIS_RTOS_V2/cmsis_os2.o
 .debug_abbrev  0x0000000000001169      0x1cf Middlewares/Third_Party/FreeRTOS/Source/list.o
 .debug_abbrev  0x0000000000001338      0x336 Middlewares/Third_Party/FreeRTOS/Source/queue.o
 .debug_abbrev  0x000000000000166e      0x350 Middlewares/Third_Party/FreeRTOS/Source/tasks.o
 .debug_abbrev  0x00000000000019be      0x2d7 Middlewares/Third_Party/FreeRTOS/Source/timers.o
 .debug_abbrev  0x0000000000001c95      0x210 Middlewares/Third_Party/FreeRTOS/Source/portable/GCC/ARM_CM4F/port.o
 .debug_abbrev  0x0000000000001ea5      0x29e Middlewares/Third_Party/FreeRTOS/Source/portable/MemMang/heap_4.o

.debug_aranges  0x0000000000000000      0xb70
 .debug_aranges
                0x0000000000000000       0x48 Core/Src/main.o
 .debug_aranges
                0x0000000000000048       0x20 Core/Src/stm32f4xx_hal_msp.o
 .debug_aranges
                0x0000000000000068       0x50 Core/Src/stm32f4xx_it.o
 .debug_aranges
                0x00000000000000b8       0x28 Core/Src/system_stm32f4xx.o
 .debug_aranges
                0x00000000000000e0       0x28 Core/Startup/startup_stm32f429zitx.o
 .debug_aranges
                0x0000000000000108      0x100 Drivers/STM32F4xx_HAL_Driver/Src/stm32f4xx_hal.o
 .debug_aranges
                0x0000000000000208      0x118 Drivers/STM32F4xx_HAL_Driver/Src/stm32f4xx_hal_cortex.o
 .debug_aranges
                0x0000000000000320       0x58 Drivers/STM32F4xx_HAL_Driver/Src/stm32f4xx_hal_gpio.o
 .debug_aranges
                0x0000000000000378       0x88 Drivers/STM32F4xx_HAL_Driver/Src/stm32f4xx_hal_rcc.o
 .debug_aranges
                0x0000000000000400      0x228 Middlewares/Third_Party/FreeRTOS/Source/CMSIS_RTOS_V2/cmsis_os2.o
 .debug_aranges
                0x0000000000000628       0x40 Middlewares/Third_Party/FreeRTOS/Source/list.o
 .debug_aranges
                0x0000000000000668      0x158 Middlewares/Third_Party/FreeRTOS/Source/queue.o
 .debug_aranges
                0x00000000000007c0      0x1f8 Middlewares/Third_Party/FreeRTOS/Source/tasks.o
 .debug_aranges
                0x00000000000009b8       0xe8 Middlewares/Third_Party/FreeRTOS/Source/timers.o
 .debug_aranges
                0x0000000000000aa0       0x80 Middlewares/Third_Party/FreeRTOS/Source/portable/GCC/ARM_CM4F/port.o
 .debug_aranges
                0x0000000000000b20       0x50 Middlewares/Third_Party/FreeRTOS/Source/portable/MemMang/heap_4.o

.debug_ranges   0x0000000000000000      0xa78
 .debug_ranges  0x0000000000000000       0x38 Core/Src/main.o
 .debug_ranges  0x0000000000000038       0x10 Core/Src/stm32f4xx_hal_msp.o
 .debug_ranges  0x0000000000000048       0x40 Core/Src/stm32f4xx_it.o
 .debug_ranges  0x0000000000000088       0x18 Core/Src/system_stm32f4xx.o
 .debug_ranges  0x00000000000000a0       0x20 Core/Startup/startup_stm32f429zitx.o
 .debug_ranges  0x00000000000000c0       0xf0 Drivers/STM32F4xx_HAL_Driver/Src/stm32f4xx_hal.o
 .debug_ranges  0x00000000000001b0      0x108 Drivers/STM32F4xx_HAL_Driver/Src/stm32f4xx_hal_cortex.o
 .debug_ranges  0x00000000000002b8       0x48 Drivers/STM32F4xx_HAL_Driver/Src/stm32f4xx_hal_gpio.o
 .debug_ranges  0x0000000000000300       0x78 Drivers/STM32F4xx_HAL_Driver/Src/stm32f4xx_hal_rcc.o
 .debug_ranges  0x0000000000000378      0x218 Middlewares/Third_Party/FreeRTOS/Source/CMSIS_RTOS_V2/cmsis_os2.o
 .debug_ranges  0x0000000000000590       0x30 Middlewares/Third_Party/FreeRTOS/Source/list.o
 .debug_ranges  0x00000000000005c0      0x148 Middlewares/Third_Party/FreeRTOS/Source/queue.o
 .debug_ranges  0x0000000000000708      0x1e8 Middlewares/Third_Party/FreeRTOS/Source/tasks.o
 .debug_ranges  0x00000000000008f0       0xd8 Middlewares/Third_Party/FreeRTOS/Source/timers.o
 .debug_ranges  0x00000000000009c8       0x70 Middlewares/Third_Party/FreeRTOS/Source/portable/GCC/ARM_CM4F/port.o
 .debug_ranges  0x0000000000000a38       0x40 Middlewares/Third_Party/FreeRTOS/Source/portable/MemMang/heap_4.o

.debug_macro    0x0000000000000000     0x238b
 .debug_macro   0x0000000000000000      0x24a Core/Src/main.o
 .debug_macro   0x000000000000024a      0x130 Core/Src/main.o
 .debug_macro   0x000000000000037a       0x66 Core/Src/main.o
 .debug_macro   0x00000000000003e0       0x74 Core/Src/main.o
 .debug_macro   0x0000000000000454       0xdd Core/Src/main.o
 .debug_macro   0x0000000000000531      0x1ba Core/Src/stm32f4xx_hal_msp.o
 .debug_macro   0x00000000000006eb      0x22c Core/Src/stm32f4xx_it.o
 .debug_macro   0x0000000000000917      0x1b6 Core/Src/system_stm32f4xx.o
 .debug_macro   0x0000000000000acd      0x210 Drivers/STM32F4xx_HAL_Driver/Src/stm32f4xx_hal.o
 .debug_macro   0x0000000000000cdd      0x1b0 Drivers/STM32F4xx_HAL_Driver/Src/stm32f4xx_hal_cortex.o
 .debug_macro   0x0000000000000e8d      0x1e6 Drivers/STM32F4xx_HAL_Driver/Src/stm32f4xx_hal_gpio.o
 .debug_macro   0x0000000000001073      0x1d4 Drivers/STM32F4xx_HAL_Driver/Src/stm32f4xx_hal_rcc.o
 .debug_macro   0x0000000000001247      0x23a Middlewares/Third_Party/FreeRTOS/Source/CMSIS_RTOS_V2/cmsis_os2.o
 .debug_macro   0x0000000000001481       0x10 Middlewares/Third_Party/FreeRTOS/Source/CMSIS_RTOS_V2/cmsis_os2.o
 .debug_macro   0x0000000000001491       0x20 Middlewares/Third_Party/FreeRTOS/Source/CMSIS_RTOS_V2/cmsis_os2.o
 .debug_macro   0x00000000000014b1       0x10 Middlewares/Third_Party/FreeRTOS/Source/CMSIS_RTOS_V2/cmsis_os2.o
 .debug_macro   0x00000000000014c1       0xd3 Middlewares/Third_Party/FreeRTOS/Source/CMSIS_RTOS_V2/cmsis_os2.o
 .debug_macro   0x0000000000001594       0x91 Middlewares/Third_Party/FreeRTOS/Source/CMSIS_RTOS_V2/cmsis_os2.o
 .debug_macro   0x0000000000001625       0x8d Middlewares/Third_Party/FreeRTOS/Source/CMSIS_RTOS_V2/cmsis_os2.o
 .debug_macro   0x00000000000016b2       0x9a Middlewares/Third_Party/FreeRTOS/Source/CMSIS_RTOS_V2/cmsis_os2.o
 .debug_macro   0x000000000000174c      0x17a Middlewares/Third_Party/FreeRTOS/Source/list.o
 .debug_macro   0x00000000000018c6      0x209 Middlewares/Third_Party/FreeRTOS/Source/queue.o
 .debug_macro   0x0000000000001acf       0x16 Middlewares/Third_Party/FreeRTOS/Source/queue.o
 .debug_macro   0x0000000000001ae5       0x87 Middlewares/Third_Party/FreeRTOS/Source/queue.o
 .debug_macro   0x0000000000001b6c      0x272 Middlewares/Third_Party/FreeRTOS/Source/tasks.o
 .debug_macro   0x0000000000001dde       0x10 Middlewares/Third_Party/FreeRTOS/Source/tasks.o
 .debug_macro   0x0000000000001dee      0x1cf Middlewares/Third_Party/FreeRTOS/Source/timers.o
 .debug_macro   0x0000000000001fbd       0x97 Middlewares/Third_Party/FreeRTOS/Source/timers.o
 .debug_macro   0x0000000000002054      0x196 Middlewares/Third_Party/FreeRTOS/Source/portable/GCC/ARM_CM4F/port.o
 .debug_macro   0x00000000000021ea      0x1a1 Middlewares/Third_Party/FreeRTOS/Source/portable/MemMang/heap_4.o

.debug_line     0x0000000000000000     0xb943
 .debug_line    0x0000000000000000      0x9c0 Core/Src/main.o
 .debug_line    0x00000000000009c0      0x7d6 Core/Src/stm32f4xx_hal_msp.o
 .debug_line    0x0000000000001196      0x95c Core/Src/stm32f4xx_it.o
 .debug_line    0x0000000000001af2      0x7f0 Core/Src/system_stm32f4xx.o
 .debug_line    0x00000000000022e2       0x85 Core/Startup/startup_stm32f429zitx.o
 .debug_line    0x0000000000002367      0x9fe Drivers/STM32F4xx_HAL_Driver/Src/stm32f4xx_hal.o
 .debug_line    0x0000000000002d65      0xafe Drivers/STM32F4xx_HAL_Driver/Src/stm32f4xx_hal_cortex.o
 .debug_line    0x0000000000003863      0x9e1 Drivers/STM32F4xx_HAL_Driver/Src/stm32f4xx_hal_gpio.o
 .debug_line    0x0000000000004244      0xa32 Drivers/STM32F4xx_HAL_Driver/Src/stm32f4xx_hal_rcc.o
 .debug_line    0x0000000000004c76     0x1fb1 Middlewares/Third_Party/FreeRTOS/Source/CMSIS_RTOS_V2/cmsis_os2.o
 .debug_line    0x0000000000006c27      0x7fd Middlewares/Third_Party/FreeRTOS/Source/list.o
 .debug_line    0x0000000000007424     0x1292 Middlewares/Third_Party/FreeRTOS/Source/queue.o
 .debug_line    0x00000000000086b6     0x159a Middlewares/Third_Party/FreeRTOS/Source/tasks.o
 .debug_line    0x0000000000009c50      0xc10 Middlewares/Third_Party/FreeRTOS/Source/timers.o
 .debug_line    0x000000000000a860      0x800 Middlewares/Third_Party/FreeRTOS/Source/portable/GCC/ARM_CM4F/port.o
 .debug_line    0x000000000000b060      0x8e3 Middlewares/Third_Party/FreeRTOS/Source/portable/MemMang/heap_4.o

.debug_str      0x0000000000000000    0xd71b2
 .debug_str     0x0000000000000000    0xcd703 Core/Src/main.o
                                      0xcd9c1 (size before relaxing)
 .debug_str     0x00000000000cd703      0x56b Core/Src/stm32f4xx_hal_msp.o
                                      0xc908b (size before relaxing)
 .debug_str     0x00000000000cdc6e       0xa2 Core/Src/stm32f4xx_it.o
                                      0xcc6ce (size before relaxing)
 .debug_str     0x00000000000cdd10       0xc4 Core/Src/system_stm32f4xx.o
                                      0xc8bc0 (size before relaxing)
 .debug_str     0x00000000000cddd4       0x36 Core/Startup/startup_stm32f429zitx.o
                                         0x85 (size before relaxing)
 .debug_str     0x00000000000cde0a      0x5c8 Drivers/STM32F4xx_HAL_Driver/Src/stm32f4xx_hal.o
                                      0xc972c (size before relaxing)
 .debug_str     0x00000000000ce3d2      0x389 Drivers/STM32F4xx_HAL_Driver/Src/stm32f4xx_hal_cortex.o
                                      0xc94cd (size before relaxing)
 .debug_str     0x00000000000ce75b      0x20c Drivers/STM32F4xx_HAL_Driver/Src/stm32f4xx_hal_gpio.o
                                      0xc8dff (size before relaxing)
 .debug_str     0x00000000000ce967      0x259 Drivers/STM32F4xx_HAL_Driver/Src/stm32f4xx_hal_rcc.o
                                      0xc8fad (size before relaxing)
 .debug_str     0x00000000000cebc0     0x57c8 Middlewares/Third_Party/FreeRTOS/Source/CMSIS_RTOS_V2/cmsis_os2.o
                                       0xe344 (size before relaxing)
 .debug_str     0x00000000000d4388      0x219 Middlewares/Third_Party/FreeRTOS/Source/list.o
                                       0xa665 (size before relaxing)
 .debug_str     0x00000000000d45a1      0x92e Middlewares/Third_Party/FreeRTOS/Source/queue.o
                                       0xbfc4 (size before relaxing)
 .debug_str     0x00000000000d4ecf     0x1270 Middlewares/Third_Party/FreeRTOS/Source/tasks.o
                                       0xcafb (size before relaxing)
 .debug_str     0x00000000000d613f      0x60b Middlewares/Third_Party/FreeRTOS/Source/timers.o
                                       0xc541 (size before relaxing)
 .debug_str     0x00000000000d674a      0x817 Middlewares/Third_Party/FreeRTOS/Source/portable/GCC/ARM_CM4F/port.o
                                       0x8432 (size before relaxing)
 .debug_str     0x00000000000d6f61      0x251 Middlewares/Third_Party/FreeRTOS/Source/portable/MemMang/heap_4.o
                                       0xae58 (size before relaxing)

.comment        0x0000000000000000       0x7b
 .comment       0x0000000000000000       0x7b Core/Src/main.o
                                         0x7c (size before relaxing)
 .comment       0x000000000000007b       0x7c Core/Src/stm32f4xx_hal_msp.o
 .comment       0x000000000000007b       0x7c Core/Src/stm32f4xx_it.o
 .comment       0x000000000000007b       0x7c Core/Src/system_stm32f4xx.o
 .comment       0x000000000000007b       0x7c Drivers/STM32F4xx_HAL_Driver/Src/stm32f4xx_hal.o
 .comment       0x000000000000007b       0x7c Drivers/STM32F4xx_HAL_Driver/Src/stm32f4xx_hal_cortex.o
 .comment       0x000000000000007b       0x7c Drivers/STM32F4xx_HAL_Driver/Src/stm32f4xx_hal_gpio.o
 .comment       0x000000000000007b       0x7c Drivers/STM32F4xx_HAL_Driver/Src/stm32f4xx_hal_rcc.o
 .comment       0x000000000000007b       0x7c Middlewares/Third_Party/FreeRTOS/Source/CMSIS_RTOS_V2/cmsis_os2.o
 .comment       0x000000000000007b       0x7c Middlewares/Third_Party/FreeRTOS/Source/list.o
 .comment       0x000000000000007b       0x7c Middlewares/Third_Party/FreeRTOS/Source/queue.o
 .comment       0x000000000000007b       0x7c Middlewares/Third_Party/FreeRTOS/Source/tasks.o
 .comment       0x000000000000007b       0x7c Middlewares/Third_Party/FreeRTOS/Source/timers.o
 .comment       0x000000000000007b       0x7c Middlewares/Third_Party/FreeRTOS/Source/portable/GCC/ARM_CM4F/port.o
 .comment       0x000000000000007b       0x7c Middlewares/Third_Party/FreeRTOS/Source/portable/MemMang/heap_4.o

.debug_frame    0x0000000000000000     0x2df8
 .debug_frame   0x0000000000000000       0xd4 Core/Src/main.o
 .debug_frame   0x00000000000000d4       0x34 Core/Src/stm32f4xx_hal_msp.o
 .debug_frame   0x0000000000000108       0xcc Core/Src/stm32f4xx_it.o
 .debug_frame   0x00000000000001d4       0x58 Core/Src/system_stm32f4xx.o
 .debug_frame   0x000000000000022c      0x3b4 Drivers/STM32F4xx_HAL_Driver/Src/stm32f4xx_hal.o
 .debug_frame   0x00000000000005e0      0x498 Drivers/STM32F4xx_HAL_Driver/Src/stm32f4xx_hal_cortex.o
 .debug_frame   0x0000000000000a78      0x14c Drivers/STM32F4xx_HAL_Driver/Src/stm32f4xx_hal_gpio.o
 .debug_frame   0x0000000000000bc4      0x1f0 Drivers/STM32F4xx_HAL_Driver/Src/stm32f4xx_hal_rcc.o
 .debug_frame   0x0000000000000db4      0x978 Middlewares/Third_Party/FreeRTOS/Source/CMSIS_RTOS_V2/cmsis_os2.o
 .debug_frame   0x000000000000172c       0xd8 Middlewares/Third_Party/FreeRTOS/Source/list.o
 .debug_frame   0x0000000000001804      0x5ec Middlewares/Third_Party/FreeRTOS/Source/queue.o
 .debug_frame   0x0000000000001df0      0x8a8 Middlewares/Third_Party/FreeRTOS/Source/tasks.o
 .debug_frame   0x0000000000002698      0x3dc Middlewares/Third_Party/FreeRTOS/Source/timers.o
 .debug_frame   0x0000000000002a74      0x1a8 Middlewares/Third_Party/FreeRTOS/Source/portable/GCC/ARM_CM4F/port.o
 .debug_frame   0x0000000000002c1c      0x108 Middlewares/Third_Party/FreeRTOS/Source/portable/MemMang/heap_4.o
 .debug_frame   0x0000000000002d24       0x2c d:/en.st-stm32cubeide_1.3.0_5720_20200220_1053_x86_64.exe/stm32cubeide_1.3.0/stm32cubeide/plugins/com.st.stm32cube.ide.mcu.externaltools.gnu-tools-for-stm32.7-2018-q2-update.win32_1.0.0.201904181610/tools/bin/../lib/gcc/arm-none-eabi/7.3.1/../../../../arm-none-eabi/lib/thumb/v7e-m/fpv4-sp/hard\libc_nano.a(lib_a-init.o)
 .debug_frame   0x0000000000002d50       0x28 d:/en.st-stm32cubeide_1.3.0_5720_20200220_1053_x86_64.exe/stm32cubeide_1.3.0/stm32cubeide/plugins/com.st.stm32cube.ide.mcu.externaltools.gnu-tools-for-stm32.7-2018-q2-update.win32_1.0.0.201904181610/tools/bin/../lib/gcc/arm-none-eabi/7.3.1/../../../../arm-none-eabi/lib/thumb/v7e-m/fpv4-sp/hard\libc_nano.a(lib_a-memcpy-stub.o)
 .debug_frame   0x0000000000002d78       0x20 d:/en.st-stm32cubeide_1.3.0_5720_20200220_1053_x86_64.exe/stm32cubeide_1.3.0/stm32cubeide/plugins/com.st.stm32cube.ide.mcu.externaltools.gnu-tools-for-stm32.7-2018-q2-update.win32_1.0.0.201904181610/tools/bin/../lib/gcc/arm-none-eabi/7.3.1/../../../../arm-none-eabi/lib/thumb/v7e-m/fpv4-sp/hard\libc_nano.a(lib_a-memset.o)
 .debug_frame   0x0000000000002d98       0x2c d:/en.st-stm32cubeide_1.3.0_5720_20200220_1053_x86_64.exe/stm32cubeide_1.3.0/stm32cubeide/plugins/com.st.stm32cube.ide.mcu.externaltools.gnu-tools-for-stm32.7-2018-q2-update.win32_1.0.0.201904181610/tools/bin/../lib/gcc/arm-none-eabi/7.3.1/thumb/v7e-m/fpv4-sp/hard\libgcc.a(_aeabi_uldivmod.o)
 .debug_frame   0x0000000000002dc4       0x34 d:/en.st-stm32cubeide_1.3.0_5720_20200220_1053_x86_64.exe/stm32cubeide_1.3.0/stm32cubeide/plugins/com.st.stm32cube.ide.mcu.externaltools.gnu-tools-for-stm32.7-2018-q2-update.win32_1.0.0.201904181610/tools/bin/../lib/gcc/arm-none-eabi/7.3.1/thumb/v7e-m/fpv4-sp/hard\libgcc.a(_udivmoddi4.o)
